4
9
1
2
8
10
5
7
6
3
16
11
14
19
18
17
15
13
20
12
21
26
27
25
24
22
28
29
23
30
34
35
33
38
36
39
31
32
37
40
41
42
43
45
44
46
48
49
47
51
50
52
55
56
54
53
57
60
59
62
61
58
63
64
66
67
65
68
71
72
73
69
70
74
76
75
77
78
79
80
81
82
84
83
85
86
87
88
89
91
92
93
90
94
95
96
97
99
98
101
100
102
103
104
105
106
107
109
108
111
110
112
113
114
116
115
117
119
118
122
120
121
123
125
124
127
126
128
129
131
132
130
134
135
137
136
138
139
133
140
142
141
143
145
144
146
147
149
148
151
152
153
150
154
155
156
157
158
159
160
162
163
161
167
165
166
168
169
164
170
172
171
173
175
174
176
177
179
178
181
180
182
183
184
185
186
187
189
190
191
188
192
195
194
196
197
198
193
199
200
202
201
204
206
208
207
205
203
209
211
210
212
214
213
215
216
217
218
219
220
221
222
224
223
225
227
228
229
230
231
232
226
233
234
236
237
238
239
240
235
242
241
243
244
247
246
245
249
248
250
251
252
253
254
255
256
257
258
260
259
262
263
261
264
266
267
268
270
269
272
271
265
273
274
276
275
277
278
279
282
280
281
283
285
287
288
289
284
291
286
290
292
293
294
295
298
297
296
299
302
301
303
300
304
305
306
307
308
312
311
313
310
314
309
315
316
317
318
321
320
323
324
319
325
326
327
322
328
330
329
332
331
333
334
335
340
339
337
336
338
342
344
343
345
341
346
348
347
349
352
351
353
354
355
350
356
357
359
361
362
360
363
358
364
366
367
365
368
369
371
370
373
372
374
375
376
378
377
379
380
382
381
383
384
386
385
388
387
389
392
391
393
394
395
390
397
396
399
398
400
401
402
403
404
405
407
408
406
409
412
411
410
414
413
415
416
417
419
418
422
421
420
423
424
425
426
427
429
428
430
431
433
432
434
435
436
437
439
438
441
440
443
444
442
445
446
447
449
448
451
452
454
453
455
450
456
457
458
459
460
461
462
463
464
465
467
466
468
469
471
470
473
474
472
476
478
479
475
480
481
477
482
484
486
485
487
488
483
491
489
492
493
490
494
495
496
497
498
499
500
501
502
504
503
506
505
508
509
507
510
511
512
513
514
515
517
516
518
519
520
521
522
523
524
525
526
527
528
529
530
531
532
533
534
535
536
537
538
540
539
541
543
542
544
545
546
547
548
549
550
551
553
554
555
556
557
559
561
560
558
562
563
564
565
566
567
568
569
570
571
572
573
574
576
577
579
578
575
580
583
581
552
582
584
585
587
586
589
590
588
592
591
593
594
595
597
596
598
599
600
602
603
601
604
606
605
607
609
610
612
611
608
614
615
616
617
613
618
619
620
621
623
626
625
622
624
627
629
628
631
630
632
633
636
637
635
634
638
639
641
640
642
643
645
644
647
646
648
649
650
651
652
653
654
655
656
657
658
659
661
660
662
664
663
666
665
667
668
669
672
670
671
673
674
676
675
677
678
679
680
681
682
683
685
686
684
687
688
689
692
691
690
693
694
695
696
697
698
699
701
700
702
703
704
705
706
707
708
709
710
711
712
713
714
716
715
717
719
718
721
720
722
723
724
725
726
728
730
729
727
731
732
733
734
735
736
738
739
737
742
740
743
741
744
745
746
749
748
747
751
753
750
754
752
756
758
757
755
759
761
760
762
763
764
766
765
768
767
770
771
773
769
772
775
777
774
776
781
778
782
780
779
783
784
786
787
788
789
790
785
791
793
792
794
795
796
797
798
800
799
801
802
803
804
805
806
807
808
809
810
811
812
813
814
815
816
817
819
820
821
818
822
824
823
825
826
827
828
829
830
831
834
833
832
835
837
838
840
839
836
841
842
844
843
846
847
845
849
848
850
851
853
854
852
855
856
857
858
859
860
861
864
862
863
865
866
869
870
867
871
868
873
872
874
875
876
877
879
878
881
880
882
884
885
886
887
883
889
888
892
891
890
894
893
895
896
897
898
899
901
900
902
903
904
905
907
906
908
909
910
911
912
913
914
915
916
917
918
919
920
921
923
922
924
925
927
926
928
929
930
931
932
933
934
936
935
937
939
938
940
941
942
943
944
946
945
948
949
947
950
951
953
952
954
955
956
957
958
959
961
963
962
960
965
966
968
967
969
964
970
971
972
973
974
975
976
977
978
980
979
981
982
983
984
985
986
987
988
990
989
991
992
993
995
994
996
997
998
999
1000
1002
1003
1001
1005
1004
1006
1007
1008
1009
1010
1011
1012
1013
1014
1016
1015
1019
1018
1017
1020
1021
1022
1023
1024
1025
1026
1030
1027
1029
1031
1028
1032
1033
1034
1035
1036
1037
1038
1039
1040
1041
1042
1043
1044
1045
1046
1047
1048
1049
1050
1051
1053
1052
1054
1055
1056
1057
1059
1058
1060
1061
1062
1063
1064
1065
1067
1066
1069
1068
1070
1071
1074
1073
1072
1075
1077
1076
1078
1079
1080
1081
1082
1084
1083
1085
1086
1087
1088
1090
1089
1092
1091
1094
1095
1093
1097
1098
1096
1099
1100
1102
1101
1103
1105
1104
1106
1108
1107
1109
1110
1111
1112
1113
1114
1115
1117
1118
1116
1119
1120
1121
1122
1123
1124
1125
1126
1128
1131
1130
1127
1129
1132
1134
1135
1136
1133
1137
1138
1139
1141
1140
1142
1143
1144
1145
1147
1146
1148
1149
1150
1151
1152
1153
1154
1155
1156
1157
1160
1158
1159
1163
1162
1161
1164
1165
1166
1167
1168
1169
1171
1170
1173
1174
1172
1175
1177
1176
1178
1179
1180
1181
1183
1182
1184
1185
1186
1187
1188
1189
1190
1191
1192
1193
1194
1195
1196
1197
1198
1199
1201
1200
1203
1202
1204
1205
1206
1207
1208
1209
1211
1210
1212
1213
1214
1215
1216
1218
1219
1220
1221
1222
1217
1223
1224
1225
1226
1227
1228
1230
1229
1233
1234
1231
1232
1235
1237
1238
1236
1239
1241
1244
1242
1243
1240
1245
1246
1247
1248
1249
1250
1252
1254
1251
1255
1253
1256
1258
1257
1259
1261
1260
1264
1262
1265
1263
1266
1268
1269
1271
1267
1270
1274
1272
1273
1275
1276
1277
1278
1280
1282
1281
1279
1283
1284
1285
1286
1287
1288
1291
1289
1290
1294
1292
1295
1293
1296
1297
1298
1299
1300
1303
1301
1302
1304
1305
1306
1307
1308
1309
1312
1313
1310
1311
1315
1314
1316
1317
1318
1319
1321
1320
1322
1323
1326
1324
1327
1325
1328
1329
1331
1330
1332
1333
1335
1334
1336
1337
1338
1339
1340
1342
1341
1345
1344
1346
1343
1347
1348
1349
1350
1351
1352
1353
1354
1356
1355
1357
1358
1359
1360
1361
1362
1363
1364
1367
1366
1365
1368
1369
1370
1372
1373
1371
1376
1377
1375
1374
1378
1379
1380
1381
1382
1383
1384
1385
1387
1388
1389
1390
1386
1391
1392
1393
1395
1394
1396
1398
1397
1399
1400
1401
1402
1403
1404
1406
1405
1408
1407
1410
1409
1411
1412
1413
1414
1415
1417
1416
1418
1419
1421
1420
1422
1423
1424
1425
1426
1428
1427
1429
1431
1430
1432
1434
1433
1436
1437
1438
1439
1435
1440
1441
1442
1443
1444
1446
1445
1447
1448
1449
1450
1451
1452
1454
1453
1456
1455
1457
1458
1459
1460
1461
1463
1464
1462
1465
1466
1467
1468
1469
1470
1471
1472
1474
1473
1475
1477
1476
1478
1479
1480
1481
1482
1483
1485
1484
1488
1486
1487
1489
1490
1491
1492
1493
1494
1495
1498
1497
1500
1496
1501
1499
1502
1503
1504
1505
1506
1507
1508
1510
1509
1511
1512
1513
1515
1514
1516
1517
1518
1520
1519
1521
1522
1523
1524
1525
1526
1527
1529
1528
1530
1531
1532
1534
1533
1535
1536
1537
1539
1538
1541
1540
1542
1543
1544
1545
1546
1547
1548
1549
1550
1552
1551
1554
1555
1553
1557
1558
1559
1556
1560
1561
1562
1563
1564
1565
1567
1566
1568
1569
1570
1571
1573
1572
1574
1575
1576
1577
1578
1579
1580
1581
1582
1583
1584
1585
1586
1587
1588
1590
1589
1592
1591
1593
1594
1595
1596
1597
1598
1600
1599
1602
1601
1603
1604
1605
1607
1606
1608
1609
1612
1613
1610
1611
1614
1615
1616
1618
1617
1620
1619
1622
1623
1624
1625
1621
1626
1627
1628
1630
1629
1631
1632
1633
1634
1635
1636
1637
1639
1640
1642
1638
1643
1641
1644
1645
1646
1647
1648
1649
1651
1650
1652
1653
1654
1655
1656
1657
1659
1658
1661
1660
1662
1664
1663
1665
1666
1667
1668
1669
1671
1670
1672
1674
1676
1673
1675
1679
1680
1677
1682
1681
1678
1683
1684
1685
1686
1687
1690
1688
1689
1691
1693
1692
1696
1695
1694
1697
1698
1699
1701
1700
1702
1703
1704
1705
1706
1707
1708
1709
1711
1712
1710
1713
1714
1715
1718
1719
1716
1717
1722
1721
1723
1720
1724
1725
1726
1727
1728
1729
1730
1731
1732
1734
1733
1735
1737
1736
1738
1740
1739
1741
1742
1743
1744
1745
1746
1747
1748
1750
1749
1752
1753
1751
1754
1756
1757
1755
1758
1759
1760
1762
1764
1763
1761
1765
1766
1768
1767
1769
1770
1771
1772
1773
1774
1776
1775
1777
1778
1779
1780
1781
1782
1784
1783
1785
1787
1788
1786
1789
1790
1792
1791
1793
1794
1795
1797
1796
1798
1799
1800
1801
1802
1803
1804
1805
1806
1808
1807
1810
1809
1811
1812
1813
1814
1816
1818
1817
1815
1819
1820
1822
1823
1821
1824
1827
1826
1825
1828
1829
1830
1831
1833
1832
1835
1834
1836
1837
1838
1839
1840
1841
1843
1842
1844
1845
1847
1846
1850
1851
1848
1852
1849
1853
1854
1855
1856
1857
1858
1859
1862
1863
1861
1864
1865
1860
1866
1867
1868
1869
1870
1874
1872
1873
1871
